https://www.geeksforgeeks.org/linux-unix/how-to-download-file-on-linux-terminal/
-----------------
sudo apt install wget
-------------------
https://sdk.lunarg.com/sdk/download/1.4.313.0/linux/vulkansdk-linux-x86_64-1.4.313.0.tar.xz
----------------

download Vulkan SDK from https://vulkan.lunarg.com/sdk/home 
---------------

how to download by terminal
https://www.geeksforgeeks.org/linux-unix/how-to-download-file-on-linux-terminal/


download to aikidance@aikidance:~/downloads$ 
wget aikidance/aikidance/downloads https://sdk.lunarg.com/sdk/download/1.4.313.0/linux/vulkansdk-linux-x86_64-1.4.313.0.tar.xz


sudo apt update
sudo apt upgrade


sudo apt install xz-utils

aikidance@aikidance:~/downloads$ sha256sum ./vulkansdk-linux-x86_64-1.4.313.0.tar.xz
4e957b66ade85eeaee95932aa7e3b45aea64db373c58a5eaefc8228cc71445c2  ./vulkansdk-linux-x86_64-1.4.313.0.tar.xz

tar xf ./vulkansdk-linux-x86_64-1.4.313.0.tar.xz

sudo apt install libxcb-xinput0 libxcb-xinerama0 libxcb-cursor-dev

export VULKAN_SDK= ~/downloads/vulkansdk-linux-x86_64-1.4.313.0.tar.xz
----------------
lsb_release -a
No LSB modules are available.
Distributor ID: Ubuntu
Description:    Ubuntu 24.04.2 LTS
Release:        24.04
Codename:       noble
----------------
/home/aikidance/Vulkan-1/my/books

/home/aikidance/Vulkan/my/books
-------------------------------
mv <source> <destination> — Move or rename files or directories
 mv /home/aikidance/Vulkan-1/aikidance/aikidance/downloads/vulkansdk-linux-x86_64-1.4.313.0.tar.xz /home/aikidance/Downloads
-------------------------------
aikidance@aikidance:~/Downloads$ tar xf ./vulkansdk-linux-x86_64-1.4.313.0.tar.xz
aikidance@aikidance:~/Downloads$ ls
1.4.313.0  vulkansdk-linux-x86_64-1.4.313.0.tar.xz
aikidance@aikidance:~/Downloads$ cd 1.4.313.0
aikidance@aikidance:~/Downloads/1.4.313.0$ ls
LICENSE.txt  README.txt  config  setup-env.sh  vulkansdk  x86_64
aikidance@aikidance:~/Downloads/1.4.313.0$ 

aikidance@aikidance:~/Downloads/1.4.313.0$ cat README.txt
The Release Notes and Getting Started Guide for LunarG's Vulkan SDK is located online at: https://vulkan.lunarg.com/doc/sdk

Release Notes: https://vulkan.lunarg.com/doc/sdk/1.4.313.0/linux/release_notes.html

Getting Started Guide: https://vulkan.lunarg.com/doc/sdk/1.4.313.0/linux/getting_started.html
------------------------------------
sudo apt install libxcb-xinput0 libxcb-xinerama0 libxcb-cursor-dev

aikidance@aikidance:~/Downloads/1.4.313.0$ sudo apt install libxcb-xinput0 libxcb-xinerama0 libxcb-cursor-dev
[sudo] password for aikidance: 
Reading package lists... Done
Building dependency tree... Done
Reading state information... Done
libxcb-xinput0 is already the newest version (1.15-1ubuntu2).
libxcb-xinerama0 is already the newest version (1.15-1ubuntu2).
libxcb-cursor-dev is already the newest version (0.1.4-1build1).
0 upgraded, 0 newly installed, 0 to remove and 0 not upgraded
-----------------------------------------------------------------
aikidance@aikidance:~/Downloads/1.4.313.0$
export VULKAN_SDK=~/Downloads/1.4.313.0
export PATH=$VULKAN_SDK/bin:$PATH
export LD_LIBRARY_PATH=$VULKAN_SDK/lib:$LD_LIBRARY_PATH
export VK_LAYER_PATH=$VULKAN_SDK/etc/vulkan/explicit_layer.d
source ~/.bashrc

vulkaninfo
Command 'vulkaninfo' not found, but can be installed with:
sudo apt install vulkan-tools
vulkaninfo

ERROR: [Loader Message] Code 0 : vkCreateInstance: Found no drivers!
Cannot create Vulkan instance.
This problem is often caused by a faulty installation of the Vulkan driver or attempting to use a GPU that does not support Vulkan.
ERROR at ./vulkaninfo/./vulkaninfo.h:458:vkCreateInstance failed with ERROR_INCOMPATIBLE_DRIVER
-----------------------------------------------------------------

The issue you're encountering is often due to either a faulty installation of the Vulkan driver or trying to use a GPU that does not support Vulkan. 
Here are some steps to troubleshoot and fix the problem:

### 1. Verify GPU Compatibility
- **Check GPU Specifications**: Ensure that your GPU supports Vulkan. You can check the manufacturer's website (NVIDIA, AMD, Intel) for the specifications of your GPU model.
- **Update Drivers**: Make sure you have the latest drivers installed for your GPU. Visit the manufacturer's website to download and install
 the latest Vulkan-compatible drivers.

### 2. Reinstall Vulkan Drivers
- **Uninstall Existing Drivers**: Go to your system's "Add or Remove Programs" (Windows) or use your package manager (Linux) to uninstall the current Vulkan drivers.
- **Download the Latest Drivers**: Visit the official website of your GPU manufacturer and download the latest Vulkan drivers.
- **Install Drivers**: Follow the installation instructions provided by the manufacturer.

### 3. Install Vulkan SDK
- If you are developing with Vulkan, ensure that you have the Vulkan SDK installed correctly. Follow the installation instructions provided in the SDK documentation.
- Make sure to set the environment variables as mentioned in the previous response.

### 4. Check for Conflicting Software
- Sometimes, other software can interfere with Vulkan. Ensure that no other graphics-related software is causing conflicts. This includes older versions 
of graphics drivers or other SDKs.

### 5. Run Vulkan Validation Layers
- If you are developing with Vulkan, consider enabling validation layers to get more detailed error messages. This can help identify issues in your code or setup.

### 6. Test with Vulkan Tools
- Use tools like `vulkaninfo` to check if Vulkan is properly installed and configured. This tool provides detailed information about 
the Vulkan installation and supported devices.

### 7. Check for System Updates
- Ensure that your operating system is up to date. Sometimes, system updates can resolve compatibility issues with drivers.

### 8. Review Application Requirements
- If you are running a specific application, check its requirements to ensure it is compatible with your hardware and software setup.

By following these steps, you should be able to resolve the issue related to the Vulkan driver or GPU compatibility. If the problem persists, 
consider reaching out to the support forums for your GPU manufacturer or the Vulkan SDK for further assistance.

//////////////////////////////
sudo apt install vulkan-tools
sudo apt install libvulkan-dev

sudo apt install vulkan-validationlayers-dev
Package vulkan-validationlayers-dev is not available, but is referred to by another package.
This may mean that the package is missing, has been obsoleted, or
is only available from another source
However the following packages replace it:
  vulkan-utility-libraries-dev


sudo apt install  vulkan-utility-libraries-dev

vkcube

появилось окно в котором вращается кубик

sudo apt install libglfw3-dev

sudo apt install libglm-dev

vulkaninfo

